// Jest Snapshot v1, https://goo.gl/fbAQLP

exports[`<DualInput /> component matches the snapshot 1`] = `
<div
  className="DualInput"
  style={
    Object {
      "marginBottom": "0.75rem",
      "width": 300,
    }
  }
>
  <label
    className="MuiInputLabel-root MuiInputLabel-animated MuiFormLabel-root MuiFormLabel-colorPrimary css-22ecsy-MuiFormLabel-root-MuiInputLabel-root"
    id="LabelName"
  >
    Label Name
  </label>
  <div
    className="DualInput__container"
    style={
      Object {
        "display": "flex",
      }
    }
  >
    <div
      style={
        Object {
          "flex": 2,
        }
      }
    >
      <div
        className="NumberInput"
      >
        <div
          className="MuiFormControl-root MuiTextField-root css-pijlbd-MuiFormControl-root-MuiTextField-root"
        >
          <div
            className="MuiOutlinedInput-root MuiInputBase-root MuiInputBase-colorPrimary MuiInputBase-formControl MuiInputBase-sizeSmall MuiInputBase-adornedStart css-1q6at85-MuiInputBase-root-MuiOutlinedInput-root"
            onClick={[Function]}
          >
            <div
              className="MuiInputAdornment-root MuiInputAdornment-positionStart MuiInputAdornment-outlined MuiInputAdornment-sizeSmall css-ittuaa-MuiInputAdornment-root"
            >
              <span
                className="notranslate"
              >
                ​
              </span>
              <b>
                $
              </b>
            </div>
            <input
              aria-invalid={false}
              autoFocus={false}
              className="MuiOutlinedInput-input MuiInputBase-input MuiInputBase-inputSizeSmall MuiInputBase-inputAdornedStart css-1ua80n0-MuiInputBase-input-MuiOutlinedInput-input"
              disabled={false}
              id="LabelNameDollar"
              name="Label Name Dollar"
              onAnimationStart={[Function]}
              onBlur={[Function]}
              onChange={[Function]}
              onFocus={[Function]}
              required={false}
              type="text"
              value="10000"
            />
            <fieldset
              aria-hidden={true}
              className="MuiOutlinedInput-notchedOutline css-1d3z3hw-MuiOutlinedInput-notchedOutline"
            >
              <legend
                className="css-hdw1oc"
              >
                <span
                  className="notranslate"
                >
                  ​
                </span>
              </legend>
            </fieldset>
          </div>
        </div>
      </div>
    </div>
    <div
      style={
        Object {
          "flex": 1,
        }
      }
    >
      <div
        className="NumberInput"
      >
        <div
          className="MuiFormControl-root MuiTextField-root css-32x3t1-MuiFormControl-root-MuiTextField-root"
        >
          <div
            className="MuiOutlinedInput-root MuiInputBase-root MuiInputBase-colorPrimary MuiInputBase-formControl MuiInputBase-sizeSmall MuiInputBase-adornedEnd css-o9k5xi-MuiInputBase-root-MuiOutlinedInput-root"
            onClick={[Function]}
          >
            <input
              aria-invalid={false}
              autoFocus={false}
              className="MuiOutlinedInput-input MuiInputBase-input MuiInputBase-inputSizeSmall MuiInputBase-inputAdornedEnd css-19qh8xo-MuiInputBase-input-MuiOutlinedInput-input"
              disabled={false}
              id="LabelNamePercent"
              name="Label Name Percent"
              onAnimationStart={[Function]}
              onBlur={[Function]}
              onChange={[Function]}
              onFocus={[Function]}
              required={false}
              type="text"
              value="20"
            />
            <div
              className="MuiInputAdornment-root MuiInputAdornment-positionEnd MuiInputAdornment-outlined MuiInputAdornment-sizeSmall css-1laqsz7-MuiInputAdornment-root"
            >
              <b>
                %
              </b>
            </div>
            <fieldset
              aria-hidden={true}
              className="MuiOutlinedInput-notchedOutline css-1d3z3hw-MuiOutlinedInput-notchedOutline"
            >
              <legend
                className="css-hdw1oc"
              >
                <span
                  className="notranslate"
                >
                  ​
                </span>
              </legend>
            </fieldset>
          </div>
        </div>
      </div>
    </div>
  </div>
</div>
`;
