// Jest Snapshot v1, https://goo.gl/fbAQLP

exports[`<NumberInput /> component matches the snapshot 1`] = `
<div
  className="NumberInput"
>
  <label
    className="MuiInputLabel-root MuiInputLabel-animated MuiFormLabel-root MuiFormLabel-colorPrimary css-22ecsy-MuiFormLabel-root-MuiInputLabel-root"
    id="LabelName"
  >
    Label Name
  </label>
  <div
    className="MuiFormControl-root MuiTextField-root css-171j53h-MuiFormControl-root-MuiTextField-root"
  >
    <div
      className="MuiOutlinedInput-root MuiInputBase-root MuiInputBase-colorPrimary MuiInputBase-formControl MuiInputBase-sizeSmall MuiInputBase-adornedStart css-1q6at85-MuiInputBase-root-MuiOutlinedInput-root"
      onClick={[Function]}
    >
      <div
        className="MuiInputAdornment-root MuiInputAdornment-positionStart MuiInputAdornment-outlined MuiInputAdornment-sizeSmall css-ittuaa-MuiInputAdornment-root"
      >
        <span
          className="notranslate"
        >
          ​
        </span>
        <b>
          $
        </b>
      </div>
      <input
        aria-invalid={false}
        autoFocus={false}
        className="MuiOutlinedInput-input MuiInputBase-input MuiInputBase-inputSizeSmall MuiInputBase-inputAdornedStart css-1ua80n0-MuiInputBase-input-MuiOutlinedInput-input"
        disabled={false}
        id="LabelName"
        name="Label Name"
        onAnimationStart={[Function]}
        onBlur={[Function]}
        onChange={[Function]}
        onFocus={[Function]}
        required={false}
        type="text"
        value={100}
      />
      <fieldset
        aria-hidden={true}
        className="MuiOutlinedInput-notchedOutline css-1d3z3hw-MuiOutlinedInput-notchedOutline"
      >
        <legend
          className="css-hdw1oc"
        >
          <span
            className="notranslate"
          >
            ​
          </span>
        </legend>
      </fieldset>
    </div>
  </div>
</div>
`;
