// Jest Snapshot v1, https://goo.gl/fbAQLP

exports[`<TabsDisplay /> component matches the snapshot 1`] = `
<section
  className="TabsDisplay"
  id="TabsDisplay"
>
  <div
    className="MuiBox-root css-1gsv261"
  >
    <div
      className="MuiTabs-root css-1bc84cv-MuiTabs-root"
    >
      <div
        className="MuiTabs-scroller MuiTabs-fixed css-jpln7h-MuiTabs-scroller"
        onScroll={[Function]}
        style={
          Object {
            "marginBottom": -0,
            "overflow": "hidden",
          }
        }
      >
        <div
          aria-label="tabs-display"
          aria-orientation={null}
          className="MuiTabs-flexContainer css-heg063-MuiTabs-flexContainer"
          onKeyDown={[Function]}
          role="tablist"
        >
          <button
            aria-selected={true}
            className="MuiButtonBase-root MuiTab-root MuiTab-textColorPrimary Mui-selected css-1h9z7r5-MuiButtonBase-root-MuiTab-root"
            disabled={false}
            onBlur={[Function]}
            onClick={[Function]}
            onContextMenu={[Function]}
            onDragLeave={[Function]}
            onFocus={[Function]}
            onKeyDown={[Function]}
            onKeyUp={[Function]}
            onMouseDown={[Function]}
            onMouseLeave={[Function]}
            onMouseUp={[Function]}
            onTouchEnd={[Function]}
            onTouchMove={[Function]}
            onTouchStart={[Function]}
            role="tab"
            tabIndex={0}
            type="button"
          >
            Monthly payment
            <span
              className="MuiTabs-indicator css-1aquho2-MuiTabs-indicator"
              style={Object {}}
            />
          </button>
          <button
            aria-selected={false}
            className="MuiButtonBase-root MuiTab-root MuiTab-textColorPrimary css-1h9z7r5-MuiButtonBase-root-MuiTab-root"
            disabled={false}
            onBlur={[Function]}
            onClick={[Function]}
            onContextMenu={[Function]}
            onDragLeave={[Function]}
            onFocus={[Function]}
            onKeyDown={[Function]}
            onKeyUp={[Function]}
            onMouseDown={[Function]}
            onMouseLeave={[Function]}
            onMouseUp={[Function]}
            onTouchEnd={[Function]}
            onTouchMove={[Function]}
            onTouchStart={[Function]}
            role="tab"
            tabIndex={-1}
            type="button"
          >
            Amortization
          </button>
        </div>
      </div>
    </div>
  </div>
  <div
    aria-labelledby="tab-0"
    hidden={false}
    id="tabpanel-0"
    role="tabpanel"
  >
    <div
      className="MuiPaper-root MuiPaper-elevation MuiPaper-rounded MuiPaper-elevation4 MuiBox-root css-1ggs94k-MuiPaper-root"
    >
      <p
        className="MuiTypography-root MuiTypography-body1 css-ahj2mt-MuiTypography-root"
      >
        <section
          data-testid="MonthlyPayment"
        >
          Monthly Payment
        </section>
      </p>
    </div>
  </div>
  <div
    aria-labelledby="tab-1"
    hidden={true}
    id="tabpanel-1"
    role="tabpanel"
  />
</section>
`;
